frame id,address,retcode,numDistances,raw_mm,medianEMA_mm,medianEMA_in,p0 str,time now,LED status
228,0x51,0,1,189,197.5,7.775,-18,41029,1
229,0x51,0,1,224,205.4,8.088,-17,41205,1
230,0x51,0,1,229,211.0,8.307,-18,41381,1
231,0x51,0,1,248,216.4,8.52,-18,41557,1
232,0x51,0,2,288,225.9,8.893,-17,41733,1
233,0x51,0,1,325,244.5,9.627,-13,41909,1
234,0x51,0,1,348,268.7,10.577,-12,42085,1
235,0x51,0,1,347,292.2,11.503,-9,42264,1
236,0x51,0,1,341,308.6,12.15,-9,42443,1
237,0x51,0,2,353,320.1,12.604,-15,42622,1
238,0x51,0,1,352,329.7,12.98,-13,42801,1
239,0x51,0,1,343,336.4,13.243,-14,42980,2
240,0x51,0,1,353,341.1,13.428,-12,43159,2
241,0x51,0,1,424,344.6,13.569,-15,43338,2
242,0x51,0,2,466,368.5,14.506,-13,43517,2
243,0x51,0,1,488,397.7,15.658,-9,43696,3
244,0x51,0,1,495,424.8,16.725,-9,43875,3
245,0x51,0,1,501,445.9,17.554,-8,44054,4
246,0x51,0,1,503,462.4,18.205,-8,44233,4
247,0x51,0,2,498,474.0,18.661,-10,44412,4
248,0x51,0,1,500,481.8,18.968,-9,44591,4
249,0x51,0,1,504,487.3,19.183,-10,44770,5
250,0x51,0,1,508,492.3,19.381,-9,44949,5
251,0x51,0,1,509,497.0,19.567,-8,45128,5
252,0x51,0,1,509,500.6,19.708,-8,45307,5
253,0x51,0,1,509,503.1,19.808,-8,45486,5
254,0x51,0,2,504,504.9,19.877,-10,45665,5
255,0x51,0,1,497,504.6,19.867,-10,45844,5
256,0x51,0,2,478,502.3,19.777,-12,46023,5
257,0x51,0,1,432,495.0,19.489,-12,46202,5
258,0x51,0,1,360,476.1,18.745,-17,46381,4
259,0x51,0,1,329,441.3,17.373,-15,46560,4
260,0x51,0,1,305,407.6,16.047,-16,46739,3
261,0x51,0,1,299,376.8,14.835,-15,46918,2
262,0x51,0,3,294,353.5,13.916,-15,47097,2
263,0x51,0,1,296,336.2,13.237,-14,47276,2
264,0x51,0,1,300,324.2,12.762,-14,47455,1
265,0x51,0,1,302,316.9,12.477,-15,47634,1
266,0x51,0,1,301,312.1,12.289,-15,47813,1
267,0x51,0,2,330,309.1,12.169,-17,47992,1
268,0x51,0,1,387,315.4,12.416,-13,48171,1
269,0x51,0,1,432,336.9,13.262,-10,48350,2
270,0x51,0,1,458,365.4,14.386,-11,48529,2
271,0x51,0,1,463,393.2,15.48,-13,48708,3
272,0x51,0,1,471,414.1,16.304,-10,48887,3
273,0x51,0,1,493,431.2,16.976,-12,49066,3
274,0x51,0,1,476,444.6,17.505,-11,49245,4
275,0x51,0,1,476,454.0,17.876,-12,49424,4
276,0x51,0,1,488,460.6,18.135,-8,49603,4
277,0x51,0,1,484,467.6,18.411,-9,49782,4
278,0x51,0,2,484,472.5,18.604,-10,49961,4
279,0x51,0,3,330,476.0,18.74,-33,50140,4
280,0x51,0,2,480,477.2,18.787,-11,50319,4
281,0x51,0,2,480,478.0,18.82,-10,50498,4
282,0x51,0,1,482,478.6,18.843,-9,50677,4
283,0x51,0,1,483,479.6,18.883,-7,50856,4
284,0x51,0,1,484,480.6,18.923,-6,51035,4
285,0x51,0,1,486,481.7,18.963,-6,51214,4
286,0x51,0,1,486,483.0,19.014,-6,51393,5
287,0x51,0,1,484,483.9,19.05,-8,51572,5
288,0x51,0,1,483,483.9,19.052,-11,51751,5
289,0x51,0,2,482,483.6,19.041,-13,51930,5
290,0x51,0,2,483,483.4,19.033,-12,52109,5
291,0x51,0,1,486,483.3,19.028,-13,52288,5
292,0x51,0,1,485,483.8,19.048,-11,52467,5
293,0x51,0,2,484,484.2,19.062,-13,52646,5
294,0x51,0,1,492,484.4,19.072,-9,52825,5
295,0x51,0,1,474,484.3,19.067,-12,53004,5
296,0x51,0,2,486,484.8,19.087,-15,53183,5
297,0x51,0,1,508,485.2,19.101,-15,53362,5
298,0x51,0,1,431,485.4,19.111,-24,53541,5
299,0x51,0,0,-1,485.4,19.111,0,53719,5
300,0x51,0,2,562,492.2,19.378,-15,53900,5
301,0x51,0,1,467,484.6,19.08,-21,54079,5
302,0x51,0,0,-1,-1.0,-1.0,0,54185,1
303,0x51,0,0,-1,-1.0,-1.0,0,54365,1
304,0x51,0,0,-1,-1.0,-1.0,0,54545,1
305,0x51,0,0,-1,-1.0,-1.0,0,54725,1
306,0x51,0,0,-1,-1.0,-1.0,0,54905,1
307,0x51,0,0,-1,-1.0,-1.0,0,55085,1
308,0x51,0,0,-1,-1.0,-1.0,0,55265,1
309,0x51,0,1,742,742.0,29.213,-29,55446,5
310,0x51,0,0,-1,742.0,29.213,0,55624,5
311,0x51,0,0,-1,742.0,29.213,0,55804,5
312,0x51,0,0,-1,742.0,29.213,0,55984,5
313,0x51,0,0,-1,742.0,29.213,0,56164,5
314,0x51,0,0,-1,742.0,29.213,0,56344,5
315,0x51,0,0,-1,742.0,29.213,0,56524,5
316,0x51,0,0,-1,742.0,29.213,0,56704,5
317,0x51,0,0,-1,742.0,29.213,0,56884,5
318,0x51,0,0,-1,742.0,29.213,0,57064,5
319,0x51,0,0,-1,742.0,29.213,0,57244,5
320,0x51,0,0,-1,742.0,29.213,0,57424,5
321,0x51,0,1,1284,1284.0,50.551,-20,57605,5
322,0x51,0,0,-1,1284.0,50.551,0,57783,5
323,0x51,0,1,1308,1308.0,51.496,-20,57964,5
324,0x51,0,1,1361,1308.0,51.496,-20,58143,5
325,0x51,0,1,744,1308.0,51.496,-31,58322,5
326,0x51,0,0,-1,1308.0,51.496,0,58500,5
327,0x51,0,1,1408,1323.9,52.122,-16,58681,5
328,0x51,0,2,1002,1227.3,48.32,-23,58860,5
329,0x51,0,1,1447,1281.5,50.454,-15,59039,5
330,0x51,0,1,1454,1331.2,52.408,-15,59218,5
331,0x51,0,1,777,1365.9,53.776,-29,59397,5
332,0x51,0,0,-1,1365.9,53.776,0,59575,5
333,0x51,0,1,965,1245.6,49.041,-24,59756,5
334,0x51,0,0,-1,1245.6,49.041,0,59934,5
335,0x51,0,0,-1,1245.6,49.041,0,60114,5
336,0x51,0,0,-1,1245.6,49.041,0,60294,5
337,0x51,0,0,-1,1245.6,49.041,0,60474,5
338,0x51,0,0,-1,1245.6,49.041,0,60654,5
339,0x51,0,0,-1,1245.6,49.041,0,60834,5
340,0x51,0,0,-1,1245.6,49.041,0,61014,5
341,0x51,0,0,-1,1245.6,49.041,0,61194,5
342,0x51,0,0,-1,1245.6,49.041,0,61374,5
343,0x51,0,0,-1,1245.6,49.041,0,61554,5
344,0x51,0,0,-1,1245.6,49.041,0,61734,5
345,0x51,0,0,-1,1245.6,49.041,0,61914,5
346,0x51,0,0,-1,1245.6,49.041,0,62094,5
347,0x51,0,0,-1,1245.6,49.041,0,62274,5
348,0x51,0,0,-1,1245.6,49.041,0,62454,5
349,0x51,0,0,-1,1245.6,49.041,0,62634,5
350,0x51,0,0,-1,1245.6,49.041,0,62814,5
351,0x51,0,0,-1,1245.6,49.041,0,62994,5
352,0x51,0,0,-1,1245.6,49.041,0,63174,5
353,0x51,0,0,-1,1245.6,49.041,0,63354,5
354,0x51,0,0,-1,1245.6,49.041,0,63534,5
355,0x51,0,0,-1,1245.6,49.041,0,63714,5
356,0x51,0,0,-1,1245.6,49.041,0,63894,5
357,0x51,0,0,-1,1245.6,49.041,0,64074,5
358,0x51,0,0,-1,1245.6,49.041,0,64254,5
359,0x51,0,0,-1,1245.6,49.041,0,64434,5
360,0x51,0,0,-1,1245.6,49.041,0,64614,5
361,0x51,0,0,-1,1245.6,49.041,0,64794,5
362,0x51,0,0,-1,1245.6,49.041,0,64974,5
363,0x51,0,0,-1,1245.6,49.041,0,65154,5
364,0x51,0,0,-1,1245.6,49.041,0,65334,5
365,0x51,0,0,-1,1245.6,49.041,0,65514,5
366,0x51,0,0,-1,1245.6,49.041,0,65694,5
367,0x51,0,0,-1,1245.6,49.041,0,65874,5
368,0x51,0,0,-1,1245.6,49.041,0,66054,5
369,0x51,0,0,-1,1245.6,49.041,0,66234,5
370,0x51,0,0,-1,1245.6,49.041,0,66414,5
371,0x51,0,0,-1,1245.6,49.041,0,66594,5
372,0x51,0,0,-1,1245.6,49.041,0,66774,5
373,0x51,0,0,-1,1245.6,49.041,0,66954,5
374,0x51,0,0,-1,1245.6,49.041,0,67134,5
375,0x51,0,0,-1,1245.6,49.041,0,67314,5
376,0x51,0,0,-1,1245.6,49.041,0,67494,5
377,0x51,0,0,-1,1245.6,49.041,0,67674,5
378,0x51,0,0,-1,1245.6,49.041,0,67854,5
379,0x51,0,0,-1,1245.6,49.041,0,68034,5
380,0x51,0,0,-1,1245.6,49.041,0,68214,5
381,0x51,0,0,-1,1245.6,49.041,0,68394,5
382,0x51,0,0,-1,1245.6,49.041,0,68574,5
383,0x51,0,0,-1,1245.6,49.041,0,68754,5
384,0x51,0,1,776,1105.1,43.506,-29,68935,5
385,0x51,0,0,-1,1105.1,43.506,0,69113,5
386,0x51,0,0,-1,1105.1,43.506,0,69293,5
387,0x51,0,1,1476,1063.0,41.852,-16,69474,5
388,0x51,0,0,-1,1063.0,41.852,0,69652,5
389,0x51,0,0,-1,1063.0,41.852,0,69832,5
390,0x51,0,0,-1,1063.0,41.852,0,70012,5
391,0x51,0,0,-1,1063.0,41.852,0,70192,5
392,0x51,0,0,-1,1063.0,41.852,0,70372,5
393,0x51,0,0,-1,1063.0,41.852,0,70552,5
394,0x51,0,0,-1,1063.0,41.852,0,70732,5
395,0x51,0,0,-1,1063.0,41.852,0,70912,5
396,0x51,0,0,-1,1063.0,41.852,0,71092,5
397,0x51,0,0,-1,1063.0,41.852,0,71272,5
398,0x51,0,2,488,976.9,38.462,-21,71453,5
399,0x51,0,1,408,830.2,32.687,-21,71632,5
400,0x51,0,2,388,703.6,27.7,-22,71811,5
401,0x51,0,1,346,608.9,23.972,-10,71990,5
402,0x51,0,1,326,530.0,20.867,-18,72169,5
403,0x51,0,2,331,470.3,18.517,-13,72348,4
404,0x51,0,2,334,428.5,16.871,-14,72527,3
405,0x51,0,1,335,400.2,15.755,-11,72706,3
406,0x51,0,1,335,380.6,14.985,-14,72885,2
407,0x51,0,1,339,366.9,14.446,-13,73064,2
408,0x51,0,2,336,357.7,14.081,-15,73243,2
409,0x51,0,1,337,351.5,13.837,-14,73422,2
410,0x51,0,1,334,346.8,13.654,-14,73601,2
411,0x51,0,1,333,343.0,13.503,-14,73780,2
412,0x51,0,1,336,340.3,13.397,-13,73959,2
413,0x51,0,1,335,338.7,13.335,-13,74138,2
414,0x51,0,1,335,337.6,13.291,-12,74317,2
415,0x51,0,1,333,336.8,13.26,-13,74496,2
416,0x51,0,1,332,335.7,13.215,-13,74675,2
417,0x51,0,1,334,334.9,13.184,-14,74854,2
418,0x51,0,1,335,334.6,13.174,-14,75033,2
419,0x51,0,1,334,334.4,13.166,-15,75212,2
420,0x51,0,2,333,334.3,13.161,-15,75391,2
421,0x51,0,1,332,333.9,13.146,-15,75570,2
422,0x51,0,1,333,333.6,13.135,-15,75749,2
423,0x51,0,1,333,333.4,13.128,-16,75928,2
424,0x51,0,1,333,333.3,13.123,-17,76107,2
425,0x51,0,1,332,333.2,13.119,-17,76286,2
426,0x51,0,1,333,333.2,13.116,-18,76465,2
427,0x51,0,1,333,333.1,13.114,-18,76644,2
428,0x51,0,1,333,333.1,13.113,-19,76823,2
429,0x51,0,0,-1,-1.0,-1.0,0,76929,1
430,0x51,0,0,-1,-1.0,-1.0,0,77109,1
431,0x51,0,0,-1,-1.0,-1.0,0,77289,1
432,0x51,0,0,-1,-1.0,-1.0,0,77469,1
433,0x51,0,0,-1,-1.0,-1.0,0,77649,1
434,0x51,0,1,784,784.0,30.866,-28,77830,5
435,0x51,0,0,-1,784.0,30.866,0,78008,5
436,0x51,0,0,-1,784.0,30.866,0,78188,5
437,0x51,0,0,-1,784.0,30.866,0,78368,5
438,0x51,0,0,-1,784.0,30.866,0,78548,5
439,0x51,0,0,-1,784.0,30.866,0,78728,5
440,0x51,0,0,-1,784.0,30.866,0,78908,5
441,0x51,0,0,-1,784.0,30.866,0,79088,5
442,0x51,0,0,-1,784.0,30.866,0,79268,5
443,0x51,0,0,-1,784.0,30.866,0,79448,5
444,0x51,0,0,-1,784.0,30.866,0,79628,5
445,0x51,0,0,-1,784.0,30.866,0,79808,5
446,0x51,0,0,-1,784.0,30.866,0,79988,5
447,0x51,0,0,-1,784.0,30.866,0,80168,5
448,0x51,0,0,-1,784.0,30.866,0,80348,5
449,0x51,0,0,-1,784.0,30.866,0,80528,5
450,0x51,0,0,-1,784.0,30.866,0,80708,5
451,0x51,0,0,-1,784.0,30.866,0,80888,5
452,0x51,0,0,-1,784.0,30.866,0,81068,5
453,0x51,0,0,-1,784.0,30.866,0,81248,5
454,0x51,0,0,-1,784.0,30.866,0,81428,5
455,0x51,0,0,-1,784.0,30.866,0,81608,5
456,0x51,0,0,-1,784.0,30.866,0,81788,5
457,0x51,0,0,-1,784.0,30.866,0,81968,5
458,0x51,0,0,-1,784.0,30.866,0,82148,5
459,0x51,0,0,-1,784.0,30.866,0,82328,5
460,0x51,0,1,1306,1306.0,51.417,-19,82509,5
461,0x51,0,0,-1,1306.0,51.417,0,82687,5
462,0x51,0,0,-1,1306.0,51.417,0,82867,5
463,0x51,0,0,-1,1306.0,51.417,0,83047,5
464,0x51,0,0,-1,1306.0,51.417,0,83227,5
465,0x51,0,0,-1,1306.0,51.417,0,83407,5
466,0x51,0,0,-1,1306.0,51.417,0,83587,5
467,0x51,0,0,-1,1306.0,51.417,0,83767,5
468,0x51,0,1,583,583.0,22.953,-12,83948,5
469,0x51,0,1,423,583.0,22.953,-12,84127,5
470,0x51,0,1,418,535.0,21.063,-12,84306,5
471,0x51,0,1,419,500.2,19.693,-13,84485,5
472,0x51,0,2,277,475.5,18.722,-34,84664,4
473,0x51,0,1,413,456.8,17.983,-14,84843,4
474,0x51,0,1,411,443.0,17.443,-14,85022,4
475,0x51,0,1,411,433.4,17.064,-11,85201,4
476,0x51,0,1,409,426.7,16.799,-11,85380,3
477,0x51,0,1,410,421.7,16.602,-9,85559,3
478,0x51,0,1,410,418.2,16.464,-9,85738,3
479,0x51,0,1,400,415.7,16.367,-14,85917,3
480,0x51,0,2,273,411.0,16.181,-34,86096,3
481,0x51,0,1,403,407.7,16.051,-12,86275,3
482,0x51,0,1,393,403.3,15.878,-15,86454,3
483,0x51,0,1,393,400.2,15.756,-15,86633,3
484,0x51,0,1,392,398.0,15.671,-15,86812,3
485,0x51,0,1,394,396.5,15.611,-15,86991,3
486,0x51,0,1,394,395.8,15.582,-15,87170,3
487,0x51,0,1,400,395.2,15.561,-15,87349,3
488,0x51,0,1,399,396.4,15.605,-14,87528,3
489,0x51,0,1,398,397.2,15.636,-15,87707,3
490,0x51,0,1,399,397.7,15.658,-15,87886,3
491,0x51,0,1,401,398.1,15.673,-15,88065,3
492,0x51,0,1,400,398.7,15.696,-16,88244,3
493,0x51,0,1,398,399.1,15.711,-15,88423,3
494,0x51,0,1,399,399.0,15.711,-14,88602,3
495,0x51,0,1,400,399.0,15.71,-14,88781,3
496,0x51,0,2,251,399.0,15.71,-38,88960,3
497,0x51,0,2,250,354.6,13.961,-37,89139,2
498,0x51,0,1,399,323.5,12.737,-14,89318,1
499,0x51,0,1,399,346.2,13.629,-13,89497,2
500,0x51,0,1,399,362.0,14.253,-15,89676,2
501,0x51,0,1,399,373.1,14.69,-13,89855,2
502,0x51,0,1,400,380.9,14.995,-13,90034,2
503,0x51,0,1,402,386.6,15.221,-13,90213,3
504,0x51,0,1,401,390.9,15.391,-13,90392,3
505,0x51,0,1,402,394.3,15.522,-13,90571,3
